
> eleicao-limpa-api@1.0.0 dev
> node --watch src/index.js

node:internal/modules/cjs/loader:2123
  return process.dlopen(module, path.toNamespacedPath(filename));
                 ^

Error: The module '/Users/thiagodecarvalho/Documents/eleicao-limpa-2026-Brasil/server/node_modules/better-sqlite3/build/Release/better_sqlite3.node'
was compiled against a different Node.js version using
NODE_MODULE_VERSION 127. This version of Node.js requires
NODE_MODULE_VERSION 147. Please try re-compiling or re-installing
the module (for instance, using `npm rebuild` or `npm install`).
    at Object..node (node:internal/modules/cjs/loader:2123:18)
    at Module.load (node:internal/modules/cjs/loader:1678:32)
    at Module._load (node:internal/modules/cjs/loader:1470:12)
    at wrapModuleLoad (node:internal/modules/cjs/loader:261:19)
    at Module.require (node:internal/modules/cjs/loader:1701:12)
    at require (node:internal/modules/helpers:316:16)
    at bindings (/Users/thiagodecarvalho/Documents/eleicao-limpa-2026-Brasil/server/node_modules/bindings/bindings.js:112:48)
    at new Database (/Users/thiagodecarvalho/Documents/eleicao-limpa-2026-Brasil/server/node_modules/better-sqlite3/lib/database.js:48:64)
    at file:///Users/thiagodecarvalho/Documents/eleicao-limpa-2026-Brasil/server/src/db.js:40:19
    at ModuleJob.run (node:internal/modules/esm/module_job:569:25) {
  code: 'ERR_DLOPEN_FAILED'
}

Node.js v26.9.0
Failed running 'src/index.js'. Waiting for file changes before restarting...
